0..1: [ SharedReadWrite<2794> ]
0..1: [ SharedReadWrite<2794> ]
0..1: [ SharedReadWrite<2794> ]
0..1: [ SharedReadWrite<2794> Unique<2822> Unique<2823> Unique<2824> Unique<2828> Unique<2830> ]
0..1: [ SharedReadWrite<2794> Disabled<2822> Disabled<2823> Disabled<2824> Disabled<2828> Disabled<2830> SharedReadOnly<2832> ]
