The loop took around 7s
(It's fine for this number to change when you `--bless` this test.)
