error: Undefined Behavior: Data race detected between Read on thread `<unnamed>` and Allocate on thread `<unnamed>` at ALLOC. The Read is here
  --> $DIR/alloc_read_race.rs:LL:CC
   |
LL |             *pointer.load(Ordering::Relaxed)
   |             ^^^^^^^^^^^^^^^^^^^^^^^^^^^^^^^^ Data race detected between Read on thread `<unnamed>` and Allocate on thread `<unnamed>` at ALLOC. The Read is here
   |
help: and the Allocate on thread `<unnamed>` is here
  --> $DIR/alloc_read_race.rs:LL:CC
   |
LL |             pointer.store(Box::into_raw(Box::new_uninit()), Ordering::Relaxed);
   |                                         ^^^^^^^^^^^^^^^^^
   = help: this indicates a bug in the program: it performed an invalid operation, and caused Undefined Behavior
   = help: see https://doc.rust-lang.org/nightly/reference/behavior-considered-undefined.html for further information
   = note: BACKTRACE:
   = note: inside closure at $DIR/alloc_read_race.rs:LL:CC

note: some details are omitted, run with `MIRIFLAGS=-Zmiri-backtrace=full` for a verbose backtrace

error: aborting due to previous error

