error: Undefined Behavior: Data race detected between Write on thread `<unnamed>` and Allocate on thread `<unnamed>` at ALLOC. The Write is here
  --> $DIR/alloc_write_race.rs:LL:CC
   |
LL |             *pointer.load(Ordering::Relaxed) = 2;
   |             ^^^^^^^^^^^^^^^^^^^^^^^^^^^^^^^^^^^^ Data race detected between Write on thread `<unnamed>` and Allocate on thread `<unnamed>` at ALLOC. The Write is here
   |
help: and Allocate on thread `<unnamed>`, which is here
  --> $DIR/alloc_write_race.rs:LL:CC
   |
LL |                 .store(Box::into_raw(Box::<usize>::new_uninit()) as *mut usize, Ordering::Relaxed);
   |                                      ^^^^^^^^^^^^^^^^^^^^^^^^^^
   = help: this indicates a bug in the program: it performed an invalid operation, and caused Undefined Behavior
   = help: see https://doc.rust-lang.org/nightly/reference/behavior-considered-undefined.html for further information
   = note: BACKTRACE:
   = note: inside closure at $DIR/alloc_write_race.rs:LL:CC

note: some details are omitted, run with `MIRIFLAGS=-Zmiri-backtrace=full` for a verbose backtrace

error: aborting due to previous error

