error: Undefined Behavior: Data race detected between Read on thread `<unnamed>` and Atomic Store on thread `<unnamed>` at ALLOC
  --> $DIR/atomic_write_na_read_race1.rs:LL:CC
   |
LL |             *atomic_ref.get_mut()
   |             ^^^^^^^^^^^^^^^^^^^^^ Data race detected between Read on thread `<unnamed>` and Atomic Store on thread `<unnamed>` at ALLOC
   |
help: The Read on thread `<unnamed>` is here
  --> RUSTLIB/core/src/ptr/mod.rs:LL:CC
   |
LL | }
   | ^
help: The Atomic Store on thread `<unnamed>` is here
  --> $DIR/atomic_write_na_read_race1.rs:LL:CC
   |
LL |             atomic_ref.store(32, Ordering::SeqCst)
   |             ^^^^^^^^^^^^^^^^^^^^^^^^^^^^^^^^^^^^^^
   = help: this indicates a bug in the program: it performed an invalid operation, and caused Undefined Behavior
   = help: see https://doc.rust-lang.org/nightly/reference/behavior-considered-undefined.html for further information
   = note: BACKTRACE:
   = note: inside closure at $DIR/atomic_write_na_read_race1.rs:LL:CC

note: some details are omitted, run with `MIRIFLAGS=-Zmiri-backtrace=full` for a verbose backtrace

error: aborting due to previous error

