error: Undefined Behavior: Data race detected between Write on thread `<unnamed>` and Read on thread `<unnamed>` at ALLOC. The Write is here
  --> $DIR/read_write_race.rs:LL:CC
   |
LL |             *c.0 = 64;
   |             ^^^^^^^^^ Data race detected between Write on thread `<unnamed>` and Read on thread `<unnamed>` at ALLOC. The Write is here
   |
help: and Read on thread `<unnamed>`, which is here
  --> $DIR/read_write_race.rs:LL:CC
   |
LL |             let _val = *c.0;
   |                        ^^^^
   = help: this indicates a bug in the program: it performed an invalid operation, and caused Undefined Behavior
   = help: see https://doc.rust-lang.org/nightly/reference/behavior-considered-undefined.html for further information
   = note: BACKTRACE:
   = note: inside closure at $DIR/read_write_race.rs:LL:CC

note: some details are omitted, run with `MIRIFLAGS=-Zmiri-backtrace=full` for a verbose backtrace

error: aborting due to previous error

