error: Undefined Behavior: Data race detected between Read on thread `<unnamed>` and Write on thread `<unnamed>` at ALLOC. The Read is here
  --> $DIR/read_write_race_stack.rs:LL:CC
   |
LL |             stack_var
   |             ^^^^^^^^^ Data race detected between Read on thread `<unnamed>` and Write on thread `<unnamed>` at ALLOC. The Read is here
   |
help: and Write on thread `<unnamed>`, which is here
  --> $DIR/read_write_race_stack.rs:LL:CC
   |
LL |             *pointer.load(Ordering::Acquire) = 3;
   |             ^^^^^^^^^^^^^^^^^^^^^^^^^^^^^^^^^^^^
   = help: this indicates a bug in the program: it performed an invalid operation, and caused Undefined Behavior
   = help: see https://doc.rust-lang.org/nightly/reference/behavior-considered-undefined.html for further information
   = note: BACKTRACE:
   = note: inside closure at $DIR/read_write_race_stack.rs:LL:CC

note: some details are omitted, run with `MIRIFLAGS=-Zmiri-backtrace=full` for a verbose backtrace

error: aborting due to previous error

