error: Undefined Behavior: Data race detected between Read on thread `<unnamed>` and Write on thread `<unnamed>` at ALLOC
  --> $DIR/rmw_race.rs:LL:CC
   |
LL |                 *c.0
   |                 ^^^^ Data race detected between Read on thread `<unnamed>` and Write on thread `<unnamed>` at ALLOC
   |
help: The Read on thread `<unnamed>` is here
  --> $DIR/rmw_race.rs:LL:CC
   |
LL |             if SYNC.load(Ordering::Acquire) == 3 {
   |                                           ^
help: The Write on thread `<unnamed>` is here
  --> $DIR/rmw_race.rs:LL:CC
   |
LL |             *c.0 = 1;
   |             ^^^^^^^^
   = help: this indicates a bug in the program: it performed an invalid operation, and caused Undefined Behavior
   = help: see https://doc.rust-lang.org/nightly/reference/behavior-considered-undefined.html for further information
   = note: BACKTRACE:
   = note: inside closure at $DIR/rmw_race.rs:LL:CC

note: some details are omitted, run with `MIRIFLAGS=-Zmiri-backtrace=full` for a verbose backtrace

error: aborting due to previous error

